Component: Arm Compiler for Embedded 6.24 Tool: armlink [5f371500]

==============================================================================

Section Cross References

    config.o(.ARM.exidx.text.Config_FPU) refers to config.o(.text.Config_FPU) for [Anonymous Symbol]
    config.o(.ARM.exidx.text.Delay_ms) refers to config.o(.text.Delay_ms) for [Anonymous Symbol]
    config.o(.ARM.exidx.text.Config_PWM) refers to config.o(.text.Config_PWM) for [Anonymous Symbol]
    config.o(.ARM.exidx.text.PWM_SetDuty) refers to config.o(.text.PWM_SetDuty) for [Anonymous Symbol]
    config.o(.ARM.exidx.text.Config_QEI) refers to config.o(.text.Config_QEI) for [Anonymous Symbol]
    config.o(.ARM.exidx.text.QEI_GetPosition) refers to config.o(.text.QEI_GetPosition) for [Anonymous Symbol]
    config.o(.ARM.exidx.text.Config_SSI2_Display) refers to config.o(.text.Config_SSI2_Display) for [Anonymous Symbol]
    config.o(.ARM.exidx.text.SPI_WriteByte) refers to config.o(.text.SPI_WriteByte) for [Anonymous Symbol]
    config.o(.ARM.exidx.text.CS_Select) refers to config.o(.text.CS_Select) for [Anonymous Symbol]
    config.o(.ARM.exidx.text.CS_Deselect) refers to config.o(.text.CS_Deselect) for [Anonymous Symbol]
    main.o(.text.main) refers to config.o(.text.Config_FPU) for Config_FPU
    main.o(.text.main) refers to pll.o(.text.PLL_Init) for PLL_Init
    main.o(.text.main) refers to config.o(.text.Config_PWM) for Config_PWM
    main.o(.text.main) refers to config.o(.text.Config_QEI) for Config_QEI
    main.o(.text.main) refers to uart.o(.text.Config_UART0_115200) for Config_UART0_115200
    main.o(.text.main) refers to config.o(.text.Config_SSI2_Display) for Config_SSI2_Display
    main.o(.text.main) refers to config.o(.text.Delay_ms) for Delay_ms
    main.o(.text.main) refers to max7219.o(.text.MAX7219_Init) for MAX7219_Init
    main.o(.text.main) refers to main.o(.bss.systemPID) for systemPID
    main.o(.text.main) refers to pid.o(.text.PID_Init) for PID_Init
    main.o(.text.main) refers to config.o(.text.QEI_GetPosition) for QEI_GetPosition
    main.o(.text.main) refers to pid.o(.text.PID_Compute) for PID_Compute
    main.o(.text.main) refers to config.o(.text.PWM_SetDuty) for PWM_SetDuty
    main.o(.text.main) refers to max7219.o(.text.MAX7219_ShowStatus) for MAX7219_ShowStatus
    main.o(.text.main) refers to uart.o(.text.UART0_SendChar) for UART0_SendChar
    main.o(.text.main) refers to uart.o(.text.UART0_PrintInt) for UART0_PrintInt
    main.o(.text.main) refers to main.o(.rodata.str1.1) for .L.str
    main.o(.text.main) refers to uart.o(.text.UART0_PrintString) for UART0_PrintString
    main.o(.ARM.exidx.text.main) refers to main.o(.text.main) for [Anonymous Symbol]
    max7219.o(.ARM.exidx.text.SSI2_Init_LowLevel) refers to max7219.o(.text.SSI2_Init_LowLevel) for [Anonymous Symbol]
    max7219.o(.ARM.exidx.text.MAX7219_Send) refers to max7219.o(.text.MAX7219_Send) for [Anonymous Symbol]
    max7219.o(.text.MAX7219_Init) refers to max7219.o(.text.SSI2_Init_LowLevel) for SSI2_Init_LowLevel
    max7219.o(.text.MAX7219_Init) refers to max7219.o(.text.MAX7219_Send) for MAX7219_Send
    max7219.o(.text.MAX7219_Init) refers to max7219.o(.text.MAX7219_Clear) for MAX7219_Clear
    max7219.o(.ARM.exidx.text.MAX7219_Init) refers to max7219.o(.text.MAX7219_Init) for [Anonymous Symbol]
    max7219.o(.text.MAX7219_Clear) refers to max7219.o(.text.MAX7219_Send) for MAX7219_Send
    max7219.o(.ARM.exidx.text.MAX7219_Clear) refers to max7219.o(.text.MAX7219_Clear) for [Anonymous Symbol]
    max7219.o(.text.MAX7219_ShowStatus) refers to max7219.o(.text.MAX7219_Send) for MAX7219_Send
    max7219.o(.ARM.exidx.text.MAX7219_ShowStatus) refers to max7219.o(.text.MAX7219_ShowStatus) for [Anonymous Symbol]
    pid.o(.ARM.exidx.text.PID_Init) refers to pid.o(.text.PID_Init) for [Anonymous Symbol]
    pid.o(.ARM.exidx.text.PID_Compute) refers to pid.o(.text.PID_Compute) for [Anonymous Symbol]
    pll.o(.ARM.exidx.text.PLL_Init) refers to pll.o(.text.PLL_Init) for [Anonymous Symbol]
    uart.o(.ARM.exidx.text.Config_UART0_115200) refers to uart.o(.text.Config_UART0_115200) for [Anonymous Symbol]
    uart.o(.ARM.exidx.text.UART0_SendChar) refers to uart.o(.text.UART0_SendChar) for [Anonymous Symbol]
    uart.o(.text.UART0_PrintString) refers to uart.o(.text.UART0_SendChar) for UART0_SendChar
    uart.o(.ARM.exidx.text.UART0_PrintString) refers to uart.o(.text.UART0_PrintString) for [Anonymous Symbol]
    uart.o(.text.UART0_PrintInt) refers to uart.o(.text.UART0_SendChar) for UART0_SendChar
    uart.o(.ARM.exidx.text.UART0_PrintInt) refers to uart.o(.text.UART0_PrintInt) for [Anonymous Symbol]
    startup_tm4c129.o(STACK) refers (Special) to heapauxi.o(.text) for __use_two_region_memory
    startup_tm4c129.o(HEAP) refers (Special) to heapauxi.o(.text) for __use_two_region_memory
    startup_tm4c129.o(RESET) refers (Special) to heapauxi.o(.text) for __use_two_region_memory
    startup_tm4c129.o(RESET) refers to startup_tm4c129.o(STACK) for __initial_sp
    startup_tm4c129.o(RESET) refers to startup_tm4c129.o(.text) for Reset_Handler
    startup_tm4c129.o(.text) refers (Special) to heapauxi.o(.text) for __use_two_region_memory
    startup_tm4c129.o(.text) refers to system_tm4c129.o(.text.SystemInit) for SystemInit
    startup_tm4c129.o(.text) refers to __main.o(!!!main) for __main
    startup_tm4c129.o(.text) refers to startup_tm4c129.o(HEAP) for Heap_Mem
    startup_tm4c129.o(.text) refers to startup_tm4c129.o(STACK) for Stack_Mem
    system_tm4c129.o(.text.SystemCoreClockUpdate) refers to system_tm4c129.o(.data.SystemCoreClock) for SystemCoreClock
    system_tm4c129.o(.ARM.exidx.text.SystemCoreClockUpdate) refers to system_tm4c129.o(.text.SystemCoreClockUpdate) for [Anonymous Symbol]
    system_tm4c129.o(.text.SystemInit) refers to system_tm4c129.o(.data.SystemCoreClock) for SystemCoreClock
    system_tm4c129.o(.ARM.exidx.text.SystemInit) refers to system_tm4c129.o(.text.SystemInit) for [Anonymous Symbol]
    __main.o(!!!main) refers to __rtentry.o(.ARM.Collect$$rtentry$$00000000) for __rt_entry
    __rtentry.o(.ARM.Collect$$rtentry$$00000000) refers (Special) to __rtentry2.o(.ARM.Collect$$rtentry$$0000000A) for __rt_entry_li
    __rtentry.o(.ARM.Collect$$rtentry$$00000000) refers (Special) to __rtentry2.o(.ARM.Collect$$rtentry$$0000000D) for __rt_entry_main
    __rtentry.o(.ARM.Collect$$rtentry$$00000000) refers (Special) to __rtentry2.o(.ARM.Collect$$rtentry$$0000000C) for __rt_entry_postli_1
    __rtentry.o(.ARM.Collect$$rtentry$$00000000) refers (Special) to __rtentry2.o(.ARM.Collect$$rtentry$$00000009) for __rt_entry_postsh_1
    __rtentry.o(.ARM.Collect$$rtentry$$00000000) refers (Special) to __rtentry2.o(.ARM.Collect$$rtentry$$00000002) for __rt_entry_presh_1
    __rtentry.o(.ARM.Collect$$rtentry$$00000000) refers (Special) to __rtentry4.o(.ARM.Collect$$rtentry$$00000004) for __rt_entry_sh
    __rtentry2.o(.ARM.Collect$$rtentry$$00000008) refers to boardinit2.o(.text) for _platform_post_stackheap_init
    __rtentry2.o(.ARM.Collect$$rtentry$$0000000A) refers to libinit.o(.ARM.Collect$$libinit$$00000000) for __rt_lib_init
    __rtentry2.o(.ARM.Collect$$rtentry$$0000000B) refers to boardinit3.o(.text) for _platform_post_lib_init
    __rtentry2.o(.ARM.Collect$$rtentry$$0000000D) refers to main.o(.text.main) for main
    __rtentry2.o(.ARM.Collect$$rtentry$$0000000D) refers to exit.o(.text) for exit
    __rtentry2.o(.ARM.exidx) refers to __rtentry2.o(.ARM.Collect$$rtentry$$00000001) for .ARM.Collect$$rtentry$$00000001
    __rtentry2.o(.ARM.exidx) refers to __rtentry2.o(.ARM.Collect$$rtentry$$00000008) for .ARM.Collect$$rtentry$$00000008
    __rtentry2.o(.ARM.exidx) refers to __rtentry2.o(.ARM.Collect$$rtentry$$0000000A) for .ARM.Collect$$rtentry$$0000000A
    __rtentry2.o(.ARM.exidx) refers to __rtentry2.o(.ARM.Collect$$rtentry$$0000000B) for .ARM.Collect$$rtentry$$0000000B
    __rtentry2.o(.ARM.exidx) refers to __rtentry2.o(.ARM.Collect$$rtentry$$0000000D) for .ARM.Collect$$rtentry$$0000000D
    __rtentry4.o(.ARM.Collect$$rtentry$$00000004) refers to sys_stackheap_outer.o(.text) for __user_setup_stackheap
    __rtentry4.o(.ARM.exidx) refers to __rtentry4.o(.ARM.Collect$$rtentry$$00000004) for .ARM.Collect$$rtentry$$00000004
    sys_stackheap_outer.o(.text) refers to libspace.o(.text) for __user_perproc_libspace
    sys_stackheap_outer.o(.text) refers to startup_tm4c129.o(.text) for __user_initial_stackheap
    exit.o(.text) refers to rtexit.o(.ARM.Collect$$rtexit$$00000000) for __rt_exit
    libinit.o(.ARM.Collect$$libinit$$00000000) refers (Special) to libinit2.o(.ARM.Collect$$libinit$$00000030) for __rt_lib_init_alloca_1
    libinit.o(.ARM.Collect$$libinit$$00000000) refers (Special) to libinit2.o(.ARM.Collect$$libinit$$0000002E) for __rt_lib_init_argv_1
    libinit.o(.ARM.Collect$$libinit$$00000000) refers (Special) to libinit2.o(.ARM.Collect$$libinit$$0000001D) for __rt_lib_init_atexit_1
    libinit.o(.ARM.Collect$$libinit$$00000000) refers (Special) to libinit2.o(.ARM.Collect$$libinit$$00000023) for __rt_lib_init_clock_1
    libinit.o(.ARM.Collect$$libinit$$00000000) refers (Special) to libinit2.o(.ARM.Collect$$libinit$$00000034) for __rt_lib_init_cpp_1
    libinit.o(.ARM.Collect$$libinit$$00000000) refers (Special) to libinit2.o(.ARM.Collect$$libinit$$00000032) for __rt_lib_init_exceptions_1
    libinit.o(.ARM.Collect$$libinit$$00000000) refers (Special) to libinit2.o(.ARM.Collect$$libinit$$00000001) for __rt_lib_init_fp_1
    libinit.o(.ARM.Collect$$libinit$$00000000) refers (Special) to libinit2.o(.ARM.Collect$$libinit$$00000021) for __rt_lib_init_fp_trap_1
    libinit.o(.ARM.Collect$$libinit$$00000000) refers (Special) to libinit2.o(.ARM.Collect$$libinit$$00000025) for __rt_lib_init_getenv_1
    libinit.o(.ARM.Collect$$libinit$$00000000) refers (Special) to libinit2.o(.ARM.Collect$$libinit$$0000000C) for __rt_lib_init_heap_1
    libinit.o(.ARM.Collect$$libinit$$00000000) refers (Special) to libinit2.o(.ARM.Collect$$libinit$$00000013) for __rt_lib_init_lc_collate_1
    libinit.o(.ARM.Collect$$libinit$$00000000) refers (Special) to libinit2.o(.ARM.Collect$$libinit$$00000015) for __rt_lib_init_lc_ctype_1
    libinit.o(.ARM.Collect$$libinit$$00000000) refers (Special) to libinit2.o(.ARM.Collect$$libinit$$00000017) for __rt_lib_init_lc_monetary_1
    libinit.o(.ARM.Collect$$libinit$$00000000) refers (Special) to libinit2.o(.ARM.Collect$$libinit$$00000019) for __rt_lib_init_lc_numeric_1
    libinit.o(.ARM.Collect$$libinit$$00000000) refers (Special) to libinit2.o(.ARM.Collect$$libinit$$0000001B) for __rt_lib_init_lc_time_1
    libinit.o(.ARM.Collect$$libinit$$00000000) refers (Special) to libinit2.o(.ARM.Collect$$libinit$$00000006) for __rt_lib_init_preinit_1
    libinit.o(.ARM.Collect$$libinit$$00000000) refers (Special) to libinit2.o(.ARM.Collect$$libinit$$00000010) for __rt_lib_init_rand_1
    libinit.o(.ARM.Collect$$libinit$$00000000) refers (Special) to libinit2.o(.ARM.Collect$$libinit$$00000004) for __rt_lib_init_relocate_pie_1
    libinit.o(.ARM.Collect$$libinit$$00000000) refers (Special) to libinit2.o(.ARM.Collect$$libinit$$00000035) for __rt_lib_init_return
    libinit.o(.ARM.Collect$$libinit$$00000000) refers (Special) to libinit2.o(.ARM.Collect$$libinit$$0000001F) for __rt_lib_init_signal_1
    libinit.o(.ARM.Collect$$libinit$$00000000) refers (Special) to libinit2.o(.ARM.Collect$$libinit$$00000027) for __rt_lib_init_stdio_1
    libinit.o(.ARM.Collect$$libinit$$00000000) refers (Special) to libinit2.o(.ARM.Collect$$libinit$$0000000E) for __rt_lib_init_user_alloc_1
    libspace.o(.text) refers to libspace.o(.bss) for __libspace_start
    rtexit.o(.ARM.Collect$$rtexit$$00000000) refers (Special) to rtexit2.o(.ARM.Collect$$rtexit$$00000004) for __rt_exit_exit
    rtexit.o(.ARM.Collect$$rtexit$$00000000) refers (Special) to rtexit2.o(.ARM.Collect$$rtexit$$00000003) for __rt_exit_ls
    rtexit.o(.ARM.Collect$$rtexit$$00000000) refers (Special) to rtexit2.o(.ARM.Collect$$rtexit$$00000002) for __rt_exit_prels_1
    rtexit.o(.ARM.exidx) refers (Special) to rtexit2.o(.ARM.Collect$$rtexit$$00000004) for __rt_exit_exit
    rtexit.o(.ARM.exidx) refers (Special) to rtexit2.o(.ARM.Collect$$rtexit$$00000003) for __rt_exit_ls
    rtexit.o(.ARM.exidx) refers (Special) to rtexit2.o(.ARM.Collect$$rtexit$$00000002) for __rt_exit_prels_1
    rtexit.o(.ARM.exidx) refers to rtexit.o(.ARM.Collect$$rtexit$$00000000) for .ARM.Collect$$rtexit$$00000000
    libinit2.o(.ARM.Collect$$libinit$$00000001) refers to fpinit.o(x$fpl$fpinit) for _fp_init
    libinit2.o(.ARM.Collect$$libinit$$00000012) refers to libinit2.o(.ARM.Collect$$libinit$$00000011) for .ARM.Collect$$libinit$$00000011
    libinit2.o(.ARM.Collect$$libinit$$00000014) refers to libinit2.o(.ARM.Collect$$libinit$$00000011) for .ARM.Collect$$libinit$$00000011
    libinit2.o(.ARM.Collect$$libinit$$00000016) refers to libinit2.o(.ARM.Collect$$libinit$$00000011) for .ARM.Collect$$libinit$$00000011
    libinit2.o(.ARM.Collect$$libinit$$00000018) refers to libinit2.o(.ARM.Collect$$libinit$$00000011) for .ARM.Collect$$libinit$$00000011
    libinit2.o(.ARM.Collect$$libinit$$0000001A) refers to libinit2.o(.ARM.Collect$$libinit$$00000011) for .ARM.Collect$$libinit$$00000011
    libinit2.o(.ARM.Collect$$libinit$$00000028) refers to argv_veneer.o(.emb_text) for __ARM_argv_veneer
    libinit2.o(.ARM.Collect$$libinit$$00000029) refers to argv_veneer.o(.emb_text) for __ARM_argv_veneer
    rtexit2.o(.ARM.Collect$$rtexit$$00000003) refers to libshutdown.o(.ARM.Collect$$libshutdown$$00000000) for __rt_lib_shutdown
    rtexit2.o(.ARM.Collect$$rtexit$$00000004) refers to sys_exit.o(.text) for _sys_exit
    rtexit2.o(.ARM.exidx) refers to rtexit2.o(.ARM.Collect$$rtexit$$00000001) for .ARM.Collect$$rtexit$$00000001
    rtexit2.o(.ARM.exidx) refers to rtexit2.o(.ARM.Collect$$rtexit$$00000003) for .ARM.Collect$$rtexit$$00000003
    rtexit2.o(.ARM.exidx) refers to rtexit2.o(.ARM.Collect$$rtexit$$00000004) for .ARM.Collect$$rtexit$$00000004
    argv_veneer.o(.emb_text) refers to no_argv.o(.text) for __ARM_get_argv
    sys_exit.o(.text) refers (Special) to use_no_semi.o(.text) for __I$use$semihosting
    sys_exit.o(.text) refers (Special) to indicate_semi.o(.text) for __semihosting_library_function
    sys_exit_hlt.o(.text) refers (Special) to use_no_semi.o(.text) for __I$use$semihosting
    sys_exit_hlt.o(.text) refers (Special) to indicate_semi.o(.text) for __semihosting_library_function
    _get_argv_nomalloc.o(.text) refers (Special) to hrguard.o(.text) for __heap_region$guard
    _get_argv_nomalloc.o(.text) refers to defsig_rtmem_outer.o(.text) for __rt_SIGRTMEM
    _get_argv_nomalloc.o(.text) refers to sys_command.o(.text) for _sys_command_string
    libshutdown.o(.ARM.Collect$$libshutdown$$00000000) refers (Special) to libshutdown2.o(.ARM.Collect$$libshutdown$$00000002) for __rt_lib_shutdown_cpp_1
    libshutdown.o(.ARM.Collect$$libshutdown$$00000000) refers (Special) to libshutdown2.o(.ARM.Collect$$libshutdown$$00000007) for __rt_lib_shutdown_fp_trap_1
    libshutdown.o(.ARM.Collect$$libshutdown$$00000000) refers (Special) to libshutdown2.o(.ARM.Collect$$libshutdown$$0000000F) for __rt_lib_shutdown_heap_1
    libshutdown.o(.ARM.Collect$$libshutdown$$00000000) refers (Special) to libshutdown2.o(.ARM.Collect$$libshutdown$$00000010) for __rt_lib_shutdown_return
    libshutdown.o(.ARM.Collect$$libshutdown$$00000000) refers (Special) to libshutdown2.o(.ARM.Collect$$libshutdown$$0000000A) for __rt_lib_shutdown_signal_1
    libshutdown.o(.ARM.Collect$$libshutdown$$00000000) refers (Special) to libshutdown2.o(.ARM.Collect$$libshutdown$$00000004) for __rt_lib_shutdown_stdio_1
    libshutdown.o(.ARM.Collect$$libshutdown$$00000000) refers (Special) to libshutdown2.o(.ARM.Collect$$libshutdown$$0000000C) for __rt_lib_shutdown_user_alloc_1
    sys_command.o(.text) refers (Special) to use_no_semi.o(.text) for __I$use$semihosting
    sys_command.o(.text) refers (Special) to indicate_semi.o(.text) for __semihosting_library_function
    sys_command_hlt.o(.text) refers (Special) to use_no_semi.o(.text) for __I$use$semihosting
    sys_command_hlt.o(.text) refers (Special) to indicate_semi.o(.text) for __semihosting_library_function
    defsig_rtmem_outer.o(.text) refers to defsig_rtmem_inner.o(.text) for __rt_SIGRTMEM_inner
    defsig_rtmem_outer.o(.text) refers to defsig_exit.o(.text) for __sig_exit
    defsig_rtmem_formal.o(.text) refers to rt_raise.o(.text) for __rt_raise
    rt_raise.o(.text) refers to __raise.o(.text) for __raise
    rt_raise.o(.text) refers to sys_exit.o(.text) for _sys_exit
    defsig_exit.o(.text) refers to sys_exit.o(.text) for _sys_exit
    defsig_rtmem_inner.o(.text) refers to defsig_general.o(.text) for __default_signal_display
    __raise.o(.text) refers to defsig.o(CL$$defsig) for __default_signal_handler
    defsig_general.o(.text) refers to sys_wrch.o(.text) for _ttywrch
    sys_wrch.o(.text) refers (Special) to use_no_semi.o(.text) for __I$use$semihosting
    sys_wrch.o(.text) refers (Special) to indicate_semi.o(.text) for __semihosting_library_function
    sys_wrch_hlt.o(.text) refers (Special) to use_no_semi.o(.text) for __I$use$semihosting
    sys_wrch_hlt.o(.text) refers (Special) to indicate_semi.o(.text) for __semihosting_library_function
    defsig.o(CL$$defsig) refers to defsig_rtmem_inner.o(.text) for __rt_SIGRTMEM_inner
    defsig_abrt_inner.o(.text) refers to defsig_general.o(.text) for __default_signal_display
    defsig_fpe_inner.o(.text) refers to defsig_general.o(.text) for __default_signal_display
    defsig_rtred_inner.o(.text) refers to defsig_general.o(.text) for __default_signal_display
    defsig_stak_inner.o(.text) refers to defsig_general.o(.text) for __default_signal_display
    defsig_pvfn_inner.o(.text) refers to defsig_general.o(.text) for __default_signal_display
    defsig_cppl_inner.o(.text) refers to defsig_general.o(.text) for __default_signal_display
    defsig_segv_inner.o(.text) refers to defsig_general.o(.text) for __default_signal_display
    defsig_other.o(.text) refers to defsig_general.o(.text) for __default_signal_display


==============================================================================

Removing Unused input sections from the image.

    Removing config.o(.text), (0 bytes).
    Removing config.o(.ARM.exidx.text.Config_FPU), (8 bytes).
    Removing config.o(.ARM.exidx.text.Delay_ms), (8 bytes).
    Removing config.o(.ARM.exidx.text.Config_PWM), (8 bytes).
    Removing config.o(.ARM.exidx.text.PWM_SetDuty), (8 bytes).
    Removing config.o(.ARM.exidx.text.Config_QEI), (8 bytes).
    Removing config.o(.ARM.exidx.text.QEI_GetPosition), (8 bytes).
    Removing config.o(.ARM.exidx.text.Config_SSI2_Display), (8 bytes).
    Removing config.o(.text.SPI_WriteByte), (68 bytes).
    Removing config.o(.ARM.exidx.text.SPI_WriteByte), (8 bytes).
    Removing config.o(.text.CS_Select), (18 bytes).
    Removing config.o(.ARM.exidx.text.CS_Select), (8 bytes).
    Removing config.o(.text.CS_Deselect), (18 bytes).
    Removing config.o(.ARM.exidx.text.CS_Deselect), (8 bytes).
    Removing main.o(.text), (0 bytes).
    Removing main.o(.ARM.exidx.text.main), (8 bytes).
    Removing main.o(.ARM.use_no_argv), (4 bytes).
    Removing max7219.o(.text), (0 bytes).
    Removing max7219.o(.ARM.exidx.text.SSI2_Init_LowLevel), (8 bytes).
    Removing max7219.o(.ARM.exidx.text.MAX7219_Send), (8 bytes).
    Removing max7219.o(.ARM.exidx.text.MAX7219_Init), (8 bytes).
    Removing max7219.o(.ARM.exidx.text.MAX7219_Clear), (8 bytes).
    Removing max7219.o(.ARM.exidx.text.MAX7219_ShowStatus), (8 bytes).
    Removing pid.o(.text), (0 bytes).
    Removing pid.o(.ARM.exidx.text.PID_Init), (8 bytes).
    Removing pid.o(.ARM.exidx.text.PID_Compute), (8 bytes).
    Removing pll.o(.text), (0 bytes).
    Removing pll.o(.ARM.exidx.text.PLL_Init), (8 bytes).
    Removing uart.o(.text), (0 bytes).
    Removing uart.o(.ARM.exidx.text.Config_UART0_115200), (8 bytes).
    Removing uart.o(.ARM.exidx.text.UART0_SendChar), (8 bytes).
    Removing uart.o(.ARM.exidx.text.UART0_PrintString), (8 bytes).
    Removing uart.o(.ARM.exidx.text.UART0_PrintInt), (8 bytes).
    Removing system_tm4c129.o(.text), (0 bytes).
    Removing system_tm4c129.o(.text.SystemCoreClockUpdate), (20 bytes).
    Removing system_tm4c129.o(.ARM.exidx.text.SystemCoreClockUpdate), (8 bytes).
    Removing system_tm4c129.o(.ARM.exidx.text.SystemInit), (8 bytes).

37 unused section(s) (total 328 bytes) removed from the image.

==============================================================================

Image Symbol Table

    Local Symbols

    Symbol Name                              Value     Ov Type        Size  Object(Section)

    ../clib/angel/boardlib.s                 0x00000000   Number         0  boardinit1.o ABSOLUTE
    ../clib/angel/boardlib.s                 0x00000000   Number         0  boardinit2.o ABSOLUTE
    ../clib/angel/boardlib.s                 0x00000000   Number         0  boardinit3.o ABSOLUTE
    ../clib/angel/boardlib.s                 0x00000000   Number         0  boardshut.o ABSOLUTE
    ../clib/angel/handlers.s                 0x00000000   Number         0  __scatter_copy.o ABSOLUTE
    ../clib/angel/handlers.s                 0x00000000   Number         0  __scatter_zi.o ABSOLUTE
    ../clib/angel/kernel.s                   0x00000000   Number         0  __rtentry.o ABSOLUTE
    ../clib/angel/kernel.s                   0x00000000   Number         0  __rtentry2.o ABSOLUTE
    ../clib/angel/kernel.s                   0x00000000   Number         0  __rtentry4.o ABSOLUTE
    ../clib/angel/kernel.s                   0x00000000   Number         0  rtexit.o ABSOLUTE
    ../clib/angel/kernel.s                   0x00000000   Number         0  rtexit2.o ABSOLUTE
    ../clib/angel/rt.s                       0x00000000   Number         0  rt_raise.o ABSOLUTE
    ../clib/angel/scatter.s                  0x00000000   Number         0  __scatter.o ABSOLUTE
    ../clib/angel/startup.s                  0x00000000   Number         0  __main.o ABSOLUTE
    ../clib/angel/sys.s                      0x00000000   Number         0  sys_stackheap_outer.o ABSOLUTE
    ../clib/angel/sys.s                      0x00000000   Number         0  libspace.o ABSOLUTE
    ../clib/angel/sys.s                      0x00000000   Number         0  use_no_semi.o ABSOLUTE
    ../clib/angel/sys.s                      0x00000000   Number         0  indicate_semi.o ABSOLUTE
    ../clib/angel/sysapp.c                   0x00000000   Number         0  sys_exit.o ABSOLUTE
    ../clib/angel/sysapp.c                   0x00000000   Number         0  sys_exit_hlt.o ABSOLUTE
    ../clib/angel/sysapp.c                   0x00000000   Number         0  sys_command.o ABSOLUTE
    ../clib/angel/sysapp.c                   0x00000000   Number         0  sys_command_hlt.o ABSOLUTE
    ../clib/angel/sysapp.c                   0x00000000   Number         0  sys_wrch.o ABSOLUTE
    ../clib/angel/sysapp.c                   0x00000000   Number         0  sys_wrch_hlt.o ABSOLUTE
    ../clib/armsys.c                         0x00000000   Number         0  argv_veneer.o ABSOLUTE
    ../clib/armsys.c                         0x00000000   Number         0  argv_veneer.o ABSOLUTE
    ../clib/armsys.c                         0x00000000   Number         0  _get_argv_nomalloc.o ABSOLUTE
    ../clib/armsys.c                         0x00000000   Number         0  no_argv.o ABSOLUTE
    ../clib/heapalloc.c                      0x00000000   Number         0  hrguard.o ABSOLUTE
    ../clib/heapaux.c                        0x00000000   Number         0  heapauxi.o ABSOLUTE
    ../clib/libinit.s                        0x00000000   Number         0  libinit.o ABSOLUTE
    ../clib/libinit.s                        0x00000000   Number         0  libinit2.o ABSOLUTE
    ../clib/libinit.s                        0x00000000   Number         0  libshutdown.o ABSOLUTE
    ../clib/libinit.s                        0x00000000   Number         0  libshutdown2.o ABSOLUTE
    ../clib/signal.c                         0x00000000   Number         0  defsig_rtmem_outer.o ABSOLUTE
    ../clib/signal.c                         0x00000000   Number         0  defsig_rtmem_formal.o ABSOLUTE
    ../clib/signal.c                         0x00000000   Number         0  defsig_exit.o ABSOLUTE
    ../clib/signal.c                         0x00000000   Number         0  defsig_rtmem_inner.o ABSOLUTE
    ../clib/signal.c                         0x00000000   Number         0  __raise.o ABSOLUTE
    ../clib/signal.c                         0x00000000   Number         0  defsig_general.o ABSOLUTE
    ../clib/signal.c                         0x00000000   Number         0  defsig_abrt_inner.o ABSOLUTE
    ../clib/signal.c                         0x00000000   Number         0  defsig_fpe_inner.o ABSOLUTE
    ../clib/signal.c                         0x00000000   Number         0  defsig_rtred_inner.o ABSOLUTE
    ../clib/signal.c                         0x00000000   Number         0  defsig_stak_inner.o ABSOLUTE
    ../clib/signal.c                         0x00000000   Number         0  defsig_pvfn_inner.o ABSOLUTE
    ../clib/signal.c                         0x00000000   Number         0  defsig_cppl_inner.o ABSOLUTE
    ../clib/signal.c                         0x00000000   Number         0  defsig_segv_inner.o ABSOLUTE
    ../clib/signal.c                         0x00000000   Number         0  defsig_other.o ABSOLUTE
    ../clib/signal.s                         0x00000000   Number         0  defsig.o ABSOLUTE
    ../clib/stdlib.c                         0x00000000   Number         0  exit.o ABSOLUTE
    ../fplib/fpinit.s                        0x00000000   Number         0  fpinit.o ABSOLUTE
    PID.c                                    0x00000000   Number         0  pid.o ABSOLUTE
    PLL.c                                    0x00000000   Number         0  pll.o ABSOLUTE
    RTE/Device/TM4C1294NCPDT/startup_TM4C129.s 0x00000000   Number         0  startup_tm4c129.o ABSOLUTE
    UART.c                                   0x00000000   Number         0  uart.o ABSOLUTE
    config.c                                 0x00000000   Number         0  config.o ABSOLUTE
    dc.s                                     0x00000000   Number         0  dc.o ABSOLUTE
    main.c                                   0x00000000   Number         0  main.o ABSOLUTE
    max7219.c                                0x00000000   Number         0  max7219.o ABSOLUTE
    system_TM4C129.c                         0x00000000   Number         0  system_tm4c129.o ABSOLUTE
    RESET                                    0x00000000   Section      512  startup_tm4c129.o(RESET)
    !!!main                                  0x00000200   Section        8  __main.o(!!!main)
    !!!scatter                               0x00000208   Section       92  __scatter.o(!!!scatter)
    !!handler_copy                           0x00000264   Section       26  __scatter_copy.o(!!handler_copy)
    !!handler_null                           0x00000280   Section        2  __scatter.o(!!handler_null)
    !!handler_zi                             0x00000284   Section       28  __scatter_zi.o(!!handler_zi)
    .ARM.Collect$$libinit$$00000000          0x000002a0   Section        2  libinit.o(.ARM.Collect$$libinit$$00000000)
    .ARM.Collect$$libinit$$00000001          0x000002a2   Section        4  libinit2.o(.ARM.Collect$$libinit$$00000001)
    .ARM.Collect$$libinit$$00000004          0x000002a6   Section        0  libinit2.o(.ARM.Collect$$libinit$$00000004)
    .ARM.Collect$$libinit$$00000006          0x000002a6   Section        0  libinit2.o(.ARM.Collect$$libinit$$00000006)
    .ARM.Collect$$libinit$$0000000C          0x000002a6   Section        0  libinit2.o(.ARM.Collect$$libinit$$0000000C)
    .ARM.Collect$$libinit$$0000000E          0x000002a6   Section        0  libinit2.o(.ARM.Collect$$libinit$$0000000E)
    .ARM.Collect$$libinit$$00000010          0x000002a6   Section        0  libinit2.o(.ARM.Collect$$libinit$$00000010)
    .ARM.Collect$$libinit$$00000013          0x000002a6   Section        0  libinit2.o(.ARM.Collect$$libinit$$00000013)
    .ARM.Collect$$libinit$$00000015          0x000002a6   Section        0  libinit2.o(.ARM.Collect$$libinit$$00000015)
    .ARM.Collect$$libinit$$00000017          0x000002a6   Section        0  libinit2.o(.ARM.Collect$$libinit$$00000017)
    .ARM.Collect$$libinit$$00000019          0x000002a6   Section        0  libinit2.o(.ARM.Collect$$libinit$$00000019)
    .ARM.Collect$$libinit$$0000001B          0x000002a6   Section        0  libinit2.o(.ARM.Collect$$libinit$$0000001B)
    .ARM.Collect$$libinit$$0000001D          0x000002a6   Section        0  libinit2.o(.ARM.Collect$$libinit$$0000001D)
    .ARM.Collect$$libinit$$0000001F          0x000002a6   Section        0  libinit2.o(.ARM.Collect$$libinit$$0000001F)
    .ARM.Collect$$libinit$$00000021          0x000002a6   Section        0  libinit2.o(.ARM.Collect$$libinit$$00000021)
    .ARM.Collect$$libinit$$00000023          0x000002a6   Section        0  libinit2.o(.ARM.Collect$$libinit$$00000023)
    .ARM.Collect$$libinit$$00000025          0x000002a6   Section        0  libinit2.o(.ARM.Collect$$libinit$$00000025)
    .ARM.Collect$$libinit$$00000027          0x000002a6   Section        0  libinit2.o(.ARM.Collect$$libinit$$00000027)
    .ARM.Collect$$libinit$$0000002E          0x000002a6   Section        0  libinit2.o(.ARM.Collect$$libinit$$0000002E)
    .ARM.Collect$$libinit$$00000030          0x000002a6   Section        0  libinit2.o(.ARM.Collect$$libinit$$00000030)
    .ARM.Collect$$libinit$$00000032          0x000002a6   Section        0  libinit2.o(.ARM.Collect$$libinit$$00000032)
    .ARM.Collect$$libinit$$00000034          0x000002a6   Section        0  libinit2.o(.ARM.Collect$$libinit$$00000034)
    .ARM.Collect$$libinit$$00000035          0x000002a6   Section        2  libinit2.o(.ARM.Collect$$libinit$$00000035)
    .ARM.Collect$$libshutdown$$00000000      0x000002a8   Section        2  libshutdown.o(.ARM.Collect$$libshutdown$$00000000)
    .ARM.Collect$$libshutdown$$00000002      0x000002aa   Section        0  libshutdown2.o(.ARM.Collect$$libshutdown$$00000002)
    .ARM.Collect$$libshutdown$$00000004      0x000002aa   Section        0  libshutdown2.o(.ARM.Collect$$libshutdown$$00000004)
    .ARM.Collect$$libshutdown$$00000007      0x000002aa   Section        0  libshutdown2.o(.ARM.Collect$$libshutdown$$00000007)
    .ARM.Collect$$libshutdown$$0000000A      0x000002aa   Section        0  libshutdown2.o(.ARM.Collect$$libshutdown$$0000000A)
    .ARM.Collect$$libshutdown$$0000000C      0x000002aa   Section        0  libshutdown2.o(.ARM.Collect$$libshutdown$$0000000C)
    .ARM.Collect$$libshutdown$$0000000F      0x000002aa   Section        0  libshutdown2.o(.ARM.Collect$$libshutdown$$0000000F)
    .ARM.Collect$$libshutdown$$00000010      0x000002aa   Section        2  libshutdown2.o(.ARM.Collect$$libshutdown$$00000010)
    .ARM.Collect$$rtentry$$00000000          0x000002ac   Section        0  __rtentry.o(.ARM.Collect$$rtentry$$00000000)
    .ARM.Collect$$rtentry$$00000002          0x000002ac   Section        0  __rtentry2.o(.ARM.Collect$$rtentry$$00000002)
    .ARM.Collect$$rtentry$$00000004          0x000002ac   Section        6  __rtentry4.o(.ARM.Collect$$rtentry$$00000004)
    .ARM.Collect$$rtentry$$00000009          0x000002b2   Section        0  __rtentry2.o(.ARM.Collect$$rtentry$$00000009)
    .ARM.Collect$$rtentry$$0000000A          0x000002b2   Section        4  __rtentry2.o(.ARM.Collect$$rtentry$$0000000A)
    .ARM.Collect$$rtentry$$0000000C          0x000002b6   Section        0  __rtentry2.o(.ARM.Collect$$rtentry$$0000000C)
    .ARM.Collect$$rtentry$$0000000D          0x000002b6   Section        8  __rtentry2.o(.ARM.Collect$$rtentry$$0000000D)
    .ARM.Collect$$rtexit$$00000000           0x000002be   Section        2  rtexit.o(.ARM.Collect$$rtexit$$00000000)
    .ARM.Collect$$rtexit$$00000002           0x000002c0   Section        0  rtexit2.o(.ARM.Collect$$rtexit$$00000002)
    .ARM.Collect$$rtexit$$00000003           0x000002c0   Section        4  rtexit2.o(.ARM.Collect$$rtexit$$00000003)
    .ARM.Collect$$rtexit$$00000004           0x000002c4   Section        6  rtexit2.o(.ARM.Collect$$rtexit$$00000004)
    $v0                                      0x000002cc   Number         0  startup_tm4c129.o(.text)
    .text                                    0x000002cc   Section      300  startup_tm4c129.o(.text)
    .text                                    0x000003f8   Section        0  heapauxi.o(.text)
    .text                                    0x000003fe   Section       74  sys_stackheap_outer.o(.text)
    .text                                    0x00000448   Section        0  exit.o(.text)
    .text                                    0x0000045c   Section        8  libspace.o(.text)
    .text                                    0x00000464   Section        0  sys_exit.o(.text)
    .text                                    0x00000470   Section        2  use_no_semi.o(.text)
    .text                                    0x00000472   Section        0  indicate_semi.o(.text)
    [Anonymous Symbol]                       0x00000474   Section        0  config.o(.text.Config_FPU)
    [Anonymous Symbol]                       0x0000048c   Section        0  config.o(.text.Config_PWM)
    [Anonymous Symbol]                       0x00000558   Section        0  config.o(.text.Config_QEI)
    [Anonymous Symbol]                       0x0000062c   Section        0  config.o(.text.Config_SSI2_Display)
    [Anonymous Symbol]                       0x000006f4   Section        0  uart.o(.text.Config_UART0_115200)
    [Anonymous Symbol]                       0x0000079c   Section        0  config.o(.text.Delay_ms)
    [Anonymous Symbol]                       0x000007dc   Section        0  max7219.o(.text.MAX7219_Clear)
    [Anonymous Symbol]                       0x00000808   Section        0  max7219.o(.text.MAX7219_Init)
    [Anonymous Symbol]                       0x0000083c   Section        0  max7219.o(.text.MAX7219_Send)
    [Anonymous Symbol]                       0x000008c8   Section        0  max7219.o(.text.MAX7219_ShowStatus)
    [Anonymous Symbol]                       0x00000a04   Section        0  pid.o(.text.PID_Compute)
    [Anonymous Symbol]                       0x00000b2c   Section        0  pid.o(.text.PID_Init)
    [Anonymous Symbol]                       0x00000b8c   Section        0  pll.o(.text.PLL_Init)
    [Anonymous Symbol]                       0x00000cc8   Section        0  config.o(.text.PWM_SetDuty)
    [Anonymous Symbol]                       0x00000d28   Section        0  config.o(.text.QEI_GetPosition)
    [Anonymous Symbol]                       0x00000d34   Section        0  max7219.o(.text.SSI2_Init_LowLevel)
    [Anonymous Symbol]                       0x00000e00   Section        0  system_tm4c129.o(.text.SystemInit)
    [Anonymous Symbol]                       0x00000e24   Section        0  uart.o(.text.UART0_PrintInt)
    [Anonymous Symbol]                       0x00000e94   Section        0  uart.o(.text.UART0_PrintString)
    [Anonymous Symbol]                       0x00000eb8   Section        0  uart.o(.text.UART0_SendChar)
    [Anonymous Symbol]                       0x00000ee8   Section        0  main.o(.text.main)
    $v0                                      0x00001040   Number         0  fpinit.o(x$fpl$fpinit)
    x$fpl$fpinit                             0x00001040   Section       26  fpinit.o(x$fpl$fpinit)
    .L.str                                   0x0000105a   Data           3  main.o(.rodata.str1.1)
    [Anonymous Symbol]                       0x0000105a   Section        0  main.o(.rodata.str1.1)
    .bss                                     0x20000008   Section       96  libspace.o(.bss)
    Heap_Mem                                 0x20000098   Data           0  startup_tm4c129.o(HEAP)
    Stack_Mem                                0x20000098   Data         512  startup_tm4c129.o(STACK)
    HEAP                                     0x20000098   Section        0  startup_tm4c129.o(HEAP)
    STACK                                    0x20000098   Section      512  startup_tm4c129.o(STACK)
    __initial_sp                             0x20000298   Data           0  startup_tm4c129.o(STACK)

    Global Symbols

    Symbol Name                              Value     Ov Type        Size  Object(Section)

    BuildAttributes$$THM_ISAv4$E$P$D$K$B$S$7EM$VFPi3$EXTD16$VFPS$VFMA$PE$A:L22UL41UL21$X:L11$S22US41US21$IEEE1$IW$~IW$USESV6$~STKCKD$USESV7$~SHL$OSPACE$ROPI$EBA8$UX$STANDARDLIB$REQ8$PRES8$EABIv2 0x00000000   Number         0  anon$$obj.o ABSOLUTE
    __Vectors                                0x00000000   Data           4  startup_tm4c129.o(RESET)
    __ARM_exceptions_init                     - Undefined Weak Reference
    __alloca_initialize                       - Undefined Weak Reference
    __arm_preinit_                            - Undefined Weak Reference
    __arm_relocate_pie_                       - Undefined Weak Reference
    __cpp_initialize__aeabi_                  - Undefined Weak Reference
    __cxa_finalize                            - Undefined Weak Reference
    __rt_locale                               - Undefined Weak Reference
    __sigvec_lookup                           - Undefined Weak Reference
    _atexit_init                              - Undefined Weak Reference
    _call_atexit_fns                          - Undefined Weak Reference
    _clock_init                               - Undefined Weak Reference
    _fp_trap_init                             - Undefined Weak Reference
    _fp_trap_shutdown                         - Undefined Weak Reference
    _get_lc_collate                           - Undefined Weak Reference
    _get_lc_ctype                             - Undefined Weak Reference
    _get_lc_monetary                          - Undefined Weak Reference
    _get_lc_numeric                           - Undefined Weak Reference
    _get_lc_time                              - Undefined Weak Reference
    _getenv_init                              - Undefined Weak Reference
    _handle_redirection                       - Undefined Weak Reference
    _init_alloc                               - Undefined Weak Reference
    _init_user_alloc                          - Undefined Weak Reference
    _initio                                   - Undefined Weak Reference
    _rand_init                                - Undefined Weak Reference
    _signal_finish                            - Undefined Weak Reference
    _signal_init                              - Undefined Weak Reference
    _terminate_alloc                          - Undefined Weak Reference
    _terminate_user_alloc                     - Undefined Weak Reference
    _terminateio                              - Undefined Weak Reference
    __Vectors_End                            0x00000200   Data           0  startup_tm4c129.o(RESET)
    __Vectors_Size                           0x00000200   Number         0  startup_tm4c129.o ABSOLUTE
    __main                                   0x00000201   Thumb Code     8  __main.o(!!!main)
    __scatterload                            0x00000209   Thumb Code     0  __scatter.o(!!!scatter)
    __scatterload_rt2                        0x00000209   Thumb Code    84  __scatter.o(!!!scatter)
    __scatterload_rt2_thumb_only             0x00000209   Thumb Code     0  __scatter.o(!!!scatter)
    __scatterload_loop                       0x00000213   Thumb Code     0  __scatter.o(!!!scatter)
    __scatterload_copy                       0x00000265   Thumb Code    26  __scatter_copy.o(!!handler_copy)
    __scatterload_null                       0x00000281   Thumb Code     2  __scatter.o(!!handler_null)
    __scatterload_zeroinit                   0x00000285   Thumb Code    28  __scatter_zi.o(!!handler_zi)
    __rt_lib_init                            0x000002a1   Thumb Code     0  libinit.o(.ARM.Collect$$libinit$$00000000)
    __rt_lib_init_fp_1                       0x000002a3   Thumb Code     0  libinit2.o(.ARM.Collect$$libinit$$00000001)
    __rt_lib_init_alloca_1                   0x000002a7   Thumb Code     0  libinit2.o(.ARM.Collect$$libinit$$00000030)
    __rt_lib_init_argv_1                     0x000002a7   Thumb Code     0  libinit2.o(.ARM.Collect$$libinit$$0000002E)
    __rt_lib_init_atexit_1                   0x000002a7   Thumb Code     0  libinit2.o(.ARM.Collect$$libinit$$0000001D)
    __rt_lib_init_clock_1                    0x000002a7   Thumb Code     0  libinit2.o(.ARM.Collect$$libinit$$00000023)
    __rt_lib_init_cpp_1                      0x000002a7   Thumb Code     0  libinit2.o(.ARM.Collect$$libinit$$00000034)
    __rt_lib_init_exceptions_1               0x000002a7   Thumb Code     0  libinit2.o(.ARM.Collect$$libinit$$00000032)
    __rt_lib_init_fp_trap_1                  0x000002a7   Thumb Code     0  libinit2.o(.ARM.Collect$$libinit$$00000021)
    __rt_lib_init_getenv_1                   0x000002a7   Thumb Code     0  libinit2.o(.ARM.Collect$$libinit$$00000025)
    __rt_lib_init_heap_1                     0x000002a7   Thumb Code     0  libinit2.o(.ARM.Collect$$libinit$$0000000C)
    __rt_lib_init_lc_collate_1               0x000002a7   Thumb Code     0  libinit2.o(.ARM.Collect$$libinit$$00000013)
    __rt_lib_init_lc_ctype_1                 0x000002a7   Thumb Code     0  libinit2.o(.ARM.Collect$$libinit$$00000015)
    __rt_lib_init_lc_monetary_1              0x000002a7   Thumb Code     0  libinit2.o(.ARM.Collect$$libinit$$00000017)
    __rt_lib_init_lc_numeric_1               0x000002a7   Thumb Code     0  libinit2.o(.ARM.Collect$$libinit$$00000019)
    __rt_lib_init_lc_time_1                  0x000002a7   Thumb Code     0  libinit2.o(.ARM.Collect$$libinit$$0000001B)
    __rt_lib_init_preinit_1                  0x000002a7   Thumb Code     0  libinit2.o(.ARM.Collect$$libinit$$00000006)
    __rt_lib_init_rand_1                     0x000002a7   Thumb Code     0  libinit2.o(.ARM.Collect$$libinit$$00000010)
    __rt_lib_init_relocate_pie_1             0x000002a7   Thumb Code     0  libinit2.o(.ARM.Collect$$libinit$$00000004)
    __rt_lib_init_return                     0x000002a7   Thumb Code     0  libinit2.o(.ARM.Collect$$libinit$$00000035)
    __rt_lib_init_signal_1                   0x000002a7   Thumb Code     0  libinit2.o(.ARM.Collect$$libinit$$0000001F)
    __rt_lib_init_stdio_1                    0x000002a7   Thumb Code     0  libinit2.o(.ARM.Collect$$libinit$$00000027)
    __rt_lib_init_user_alloc_1               0x000002a7   Thumb Code     0  libinit2.o(.ARM.Collect$$libinit$$0000000E)
    __rt_lib_shutdown                        0x000002a9   Thumb Code     0  libshutdown.o(.ARM.Collect$$libshutdown$$00000000)
    __rt_lib_shutdown_cpp_1                  0x000002ab   Thumb Code     0  libshutdown2.o(.ARM.Collect$$libshutdown$$00000002)
    __rt_lib_shutdown_fp_trap_1              0x000002ab   Thumb Code     0  libshutdown2.o(.ARM.Collect$$libshutdown$$00000007)
    __rt_lib_shutdown_heap_1                 0x000002ab   Thumb Code     0  libshutdown2.o(.ARM.Collect$$libshutdown$$0000000F)
    __rt_lib_shutdown_return                 0x000002ab   Thumb Code     0  libshutdown2.o(.ARM.Collect$$libshutdown$$00000010)
    __rt_lib_shutdown_signal_1               0x000002ab   Thumb Code     0  libshutdown2.o(.ARM.Collect$$libshutdown$$0000000A)
    __rt_lib_shutdown_stdio_1                0x000002ab   Thumb Code     0  libshutdown2.o(.ARM.Collect$$libshutdown$$00000004)
    __rt_lib_shutdown_user_alloc_1           0x000002ab   Thumb Code     0  libshutdown2.o(.ARM.Collect$$libshutdown$$0000000C)
    __rt_entry                               0x000002ad   Thumb Code     0  __rtentry.o(.ARM.Collect$$rtentry$$00000000)
    __rt_entry_presh_1                       0x000002ad   Thumb Code     0  __rtentry2.o(.ARM.Collect$$rtentry$$00000002)
    __rt_entry_sh                            0x000002ad   Thumb Code     0  __rtentry4.o(.ARM.Collect$$rtentry$$00000004)
    __rt_entry_li                            0x000002b3   Thumb Code     0  __rtentry2.o(.ARM.Collect$$rtentry$$0000000A)
    __rt_entry_postsh_1                      0x000002b3   Thumb Code     0  __rtentry2.o(.ARM.Collect$$rtentry$$00000009)
    __rt_entry_main                          0x000002b7   Thumb Code     0  __rtentry2.o(.ARM.Collect$$rtentry$$0000000D)
    __rt_entry_postli_1                      0x000002b7   Thumb Code     0  __rtentry2.o(.ARM.Collect$$rtentry$$0000000C)
    __rt_exit                                0x000002bf   Thumb Code     0  rtexit.o(.ARM.Collect$$rtexit$$00000000)
    __rt_exit_ls                             0x000002c1   Thumb Code     0  rtexit2.o(.ARM.Collect$$rtexit$$00000003)
    __rt_exit_prels_1                        0x000002c1   Thumb Code     0  rtexit2.o(.ARM.Collect$$rtexit$$00000002)
    __rt_exit_exit                           0x000002c5   Thumb Code     0  rtexit2.o(.ARM.Collect$$rtexit$$00000004)
    Reset_Handler                            0x000002cd   Thumb Code     8  startup_tm4c129.o(.text)
    NMI_Handler                              0x000002d5   Thumb Code     2  startup_tm4c129.o(.text)
    HardFault_Handler                        0x000002d7   Thumb Code     2  startup_tm4c129.o(.text)
    MemManage_Handler                        0x000002d9   Thumb Code     2  startup_tm4c129.o(.text)
    BusFault_Handler                         0x000002db   Thumb Code     2  startup_tm4c129.o(.text)
    UsageFault_Handler                       0x000002dd   Thumb Code     2  startup_tm4c129.o(.text)
    SVC_Handler                              0x000002df   Thumb Code     2  startup_tm4c129.o(.text)
    DebugMon_Handler                         0x000002e1   Thumb Code     2  startup_tm4c129.o(.text)
    PendSV_Handler                           0x000002e3   Thumb Code     2  startup_tm4c129.o(.text)
    SysTick_Handler                          0x000002e5   Thumb Code     2  startup_tm4c129.o(.text)
    GPIOA_Handler                            0x000002e7   Thumb Code     2  startup_tm4c129.o(.text)
    GPIOB_Handler                            0x000002e9   Thumb Code     2  startup_tm4c129.o(.text)
    GPIOC_Handler                            0x000002eb   Thumb Code     2  startup_tm4c129.o(.text)
    GPIOD_Handler                            0x000002ed   Thumb Code     2  startup_tm4c129.o(.text)
    GPIOE_Handler                            0x000002ef   Thumb Code     2  startup_tm4c129.o(.text)
    UART0_Handler                            0x000002f1   Thumb Code     2  startup_tm4c129.o(.text)
    UART1_Handler                            0x000002f3   Thumb Code     2  startup_tm4c129.o(.text)
    SSI0_Handler                             0x000002f5   Thumb Code     2  startup_tm4c129.o(.text)
    I2C0_Handler                             0x000002f7   Thumb Code     2  startup_tm4c129.o(.text)
    PMW0_FAULT_Handler                       0x000002f9   Thumb Code     2  startup_tm4c129.o(.text)
    PWM0_0_Handler                           0x000002fb   Thumb Code     2  startup_tm4c129.o(.text)
    PWM0_1_Handler                           0x000002fd   Thumb Code     2  startup_tm4c129.o(.text)
    PWM0_2_Handler                           0x000002ff   Thumb Code     2  startup_tm4c129.o(.text)
    QEI0_Handler                             0x00000301   Thumb Code     2  startup_tm4c129.o(.text)
    ADC0SS0_Handler                          0x00000303   Thumb Code     2  startup_tm4c129.o(.text)
    ADC0SS1_Handler                          0x00000305   Thumb Code     2  startup_tm4c129.o(.text)
    ADC0SS2_Handler                          0x00000307   Thumb Code     2  startup_tm4c129.o(.text)
    ADC0SS3_Handler                          0x00000309   Thumb Code     2  startup_tm4c129.o(.text)
    WDT0_Handler                             0x0000030b   Thumb Code     2  startup_tm4c129.o(.text)
    TIMER0A_Handler                          0x0000030d   Thumb Code     2  startup_tm4c129.o(.text)
    TIMER0B_Handler                          0x0000030f   Thumb Code     2  startup_tm4c129.o(.text)
    TIMER1A_Handler                          0x00000311   Thumb Code     2  startup_tm4c129.o(.text)
    TIMER1B_Handler                          0x00000313   Thumb Code     2  startup_tm4c129.o(.text)
    TIMER2A_Handler                          0x00000315   Thumb Code     2  startup_tm4c129.o(.text)
    TIMER2B_Handler                          0x00000317   Thumb Code     2  startup_tm4c129.o(.text)
    COMP0_Handler                            0x00000319   Thumb Code     2  startup_tm4c129.o(.text)
    COMP1_Handler                            0x0000031b   Thumb Code     2  startup_tm4c129.o(.text)
    COMP2_Handler                            0x0000031d   Thumb Code     2  startup_tm4c129.o(.text)
    SYSCTL_Handler                           0x0000031f   Thumb Code     2  startup_tm4c129.o(.text)
    FLASH_Handler                            0x00000321   Thumb Code     2  startup_tm4c129.o(.text)
    GPIOF_Handler                            0x00000323   Thumb Code     2  startup_tm4c129.o(.text)
    GPIOG_Handler                            0x00000325   Thumb Code     2  startup_tm4c129.o(.text)
    GPIOH_Handler                            0x00000327   Thumb Code     2  startup_tm4c129.o(.text)
    UART2_Handler                            0x00000329   Thumb Code     2  startup_tm4c129.o(.text)
    SSI1_Handler                             0x0000032b   Thumb Code     2  startup_tm4c129.o(.text)
    TIMER3A_Handler                          0x0000032d   Thumb Code     2  startup_tm4c129.o(.text)
    TIMER3B_Handler                          0x0000032f   Thumb Code     2  startup_tm4c129.o(.text)
    I2C1_Handler                             0x00000331   Thumb Code     2  startup_tm4c129.o(.text)
    CAN0_Handler                             0x00000333   Thumb Code     2  startup_tm4c129.o(.text)
    CAN1_Handler                             0x00000335   Thumb Code     2  startup_tm4c129.o(.text)
    ETH_Handler                              0x00000337   Thumb Code     2  startup_tm4c129.o(.text)
    HIB_Handler                              0x00000339   Thumb Code     2  startup_tm4c129.o(.text)
    USB0_Handler                             0x0000033b   Thumb Code     2  startup_tm4c129.o(.text)
    PWM0_3_Handler                           0x0000033d   Thumb Code     2  startup_tm4c129.o(.text)
    UDMA_Handler                             0x0000033f   Thumb Code     2  startup_tm4c129.o(.text)
    UDMAERR_Handler                          0x00000341   Thumb Code     2  startup_tm4c129.o(.text)
    ADC1SS0_Handler                          0x00000343   Thumb Code     2  startup_tm4c129.o(.text)
    ADC1SS1_Handler                          0x00000345   Thumb Code     2  startup_tm4c129.o(.text)
    ADC1SS2_Handler                          0x00000347   Thumb Code     2  startup_tm4c129.o(.text)
    ADC1SS3_Handler                          0x00000349   Thumb Code     2  startup_tm4c129.o(.text)
    EBI0_Handler                             0x0000034b   Thumb Code     2  startup_tm4c129.o(.text)
    GPIOJ_Handler                            0x0000034d   Thumb Code     2  startup_tm4c129.o(.text)
    GPIOK_Handler                            0x0000034f   Thumb Code     2  startup_tm4c129.o(.text)
    GPIOL_Handler                            0x00000351   Thumb Code     2  startup_tm4c129.o(.text)
    SSI2_Handler                             0x00000353   Thumb Code     2  startup_tm4c129.o(.text)
    SSI3_Handler                             0x00000355   Thumb Code     2  startup_tm4c129.o(.text)
    UART3_Handler                            0x00000357   Thumb Code     2  startup_tm4c129.o(.text)
    UART4_Handler                            0x00000359   Thumb Code     2  startup_tm4c129.o(.text)
    UART5_Handler                            0x0000035b   Thumb Code     2  startup_tm4c129.o(.text)
    UART6_Handler                            0x0000035d   Thumb Code     2  startup_tm4c129.o(.text)
    UART7_Handler                            0x0000035f   Thumb Code     2  startup_tm4c129.o(.text)
    I2C2_Handler                             0x00000361   Thumb Code     2  startup_tm4c129.o(.text)
    I2C3_Handler                             0x00000363   Thumb Code     2  startup_tm4c129.o(.text)
    TIMER4A_Handler                          0x00000365   Thumb Code     2  startup_tm4c129.o(.text)
    TIMER4B_Handler                          0x00000367   Thumb Code     2  startup_tm4c129.o(.text)
    TIMER5A_Handler                          0x00000369   Thumb Code     2  startup_tm4c129.o(.text)
    TIMER5B_Handler                          0x0000036b   Thumb Code     2  startup_tm4c129.o(.text)
    WTIMER0A_Handler                         0x0000036d   Thumb Code     2  startup_tm4c129.o(.text)
    WTIMER0B_Handler                         0x0000036f   Thumb Code     2  startup_tm4c129.o(.text)
    WTIMER1A_Handler                         0x00000371   Thumb Code     2  startup_tm4c129.o(.text)
    WTIMER1B_Handler                         0x00000373   Thumb Code     2  startup_tm4c129.o(.text)
    WTIMER2A_Handler                         0x00000375   Thumb Code     2  startup_tm4c129.o(.text)
    WTIMER2B_Handler                         0x00000377   Thumb Code     2  startup_tm4c129.o(.text)
    WTIMER3A_Handler                         0x00000379   Thumb Code     2  startup_tm4c129.o(.text)
    WTIMER3B_Handler                         0x0000037b   Thumb Code     2  startup_tm4c129.o(.text)
    WTIMER4A_Handler                         0x0000037d   Thumb Code     2  startup_tm4c129.o(.text)
    WTIMER4B_Handler                         0x0000037f   Thumb Code     2  startup_tm4c129.o(.text)
    WTIMER5A_Handler                         0x00000381   Thumb Code     2  startup_tm4c129.o(.text)
    WTIMER5B_Handler                         0x00000383   Thumb Code     2  startup_tm4c129.o(.text)
    FPU_Handler                              0x00000385   Thumb Code     2  startup_tm4c129.o(.text)
    I2C4_Handler                             0x00000387   Thumb Code     2  startup_tm4c129.o(.text)
    I2C5_Handler                             0x00000389   Thumb Code     2  startup_tm4c129.o(.text)
    GPIOM_Handler                            0x0000038b   Thumb Code     2  startup_tm4c129.o(.text)
    GPION_Handler                            0x0000038d   Thumb Code     2  startup_tm4c129.o(.text)
    TAMPER_Handler                           0x0000038f   Thumb Code     2  startup_tm4c129.o(.text)
    GPIOP0_Handler                           0x00000391   Thumb Code     2  startup_tm4c129.o(.text)
    GPIOP1_Handler                           0x00000393   Thumb Code     2  startup_tm4c129.o(.text)
    GPIOP2_Handler                           0x00000395   Thumb Code     2  startup_tm4c129.o(.text)
    GPIOP3_Handler                           0x00000397   Thumb Code     2  startup_tm4c129.o(.text)
    GPIOP4_Handler                           0x00000399   Thumb Code     2  startup_tm4c129.o(.text)
    GPIOP5_Handler                           0x0000039b   Thumb Code     2  startup_tm4c129.o(.text)
    GPIOP6_Handler                           0x0000039d   Thumb Code     2  startup_tm4c129.o(.text)
    GPIOP7_Handler                           0x0000039f   Thumb Code     2  startup_tm4c129.o(.text)
    GPIOQ0_Handler                           0x000003a1   Thumb Code     2  startup_tm4c129.o(.text)
    GPIOQ1_Handler                           0x000003a3   Thumb Code     2  startup_tm4c129.o(.text)
    GPIOQ2_Handler                           0x000003a5   Thumb Code     2  startup_tm4c129.o(.text)
    GPIOQ3_Handler                           0x000003a7   Thumb Code     2  startup_tm4c129.o(.text)
    GPIOQ4_Handler                           0x000003a9   Thumb Code     2  startup_tm4c129.o(.text)
    GPIOQ5_Handler                           0x000003ab   Thumb Code     2  startup_tm4c129.o(.text)
    GPIOQ6_Handler                           0x000003ad   Thumb Code     2  startup_tm4c129.o(.text)
    GPIOQ7_Handler                           0x000003af   Thumb Code     2  startup_tm4c129.o(.text)
    GPIOR_Handler                            0x000003b1   Thumb Code     2  startup_tm4c129.o(.text)
    GPIOS_Handler                            0x000003b3   Thumb Code     2  startup_tm4c129.o(.text)
    SHAMD5_Handler                           0x000003b5   Thumb Code     2  startup_tm4c129.o(.text)
    AES_Handler                              0x000003b7   Thumb Code     2  startup_tm4c129.o(.text)
    DES3DES_Handler                          0x000003b9   Thumb Code     2  startup_tm4c129.o(.text)
    LCDCONTROLLER_Handler                    0x000003bb   Thumb Code     2  startup_tm4c129.o(.text)
    TIMER6A_Handler                          0x000003bd   Thumb Code     2  startup_tm4c129.o(.text)
    TIMER6B_Handler                          0x000003bf   Thumb Code     2  startup_tm4c129.o(.text)
    TIMER7A_Handler                          0x000003c1   Thumb Code     2  startup_tm4c129.o(.text)
    TIMER7B_Handler                          0x000003c3   Thumb Code     2  startup_tm4c129.o(.text)
    I2C6_Handler                             0x000003c5   Thumb Code     2  startup_tm4c129.o(.text)
    I2C7_Handler                             0x000003c7   Thumb Code     2  startup_tm4c129.o(.text)
    HIMSCANKEYBOARD_Handler                  0x000003c9   Thumb Code     2  startup_tm4c129.o(.text)
    ONEWIRE_Handler                          0x000003cb   Thumb Code     2  startup_tm4c129.o(.text)
    HIMPS2_Handler                           0x000003cd   Thumb Code     2  startup_tm4c129.o(.text)
    HIMLEDSEQUENCER_Handler                  0x000003cf   Thumb Code     2  startup_tm4c129.o(.text)
    HIMCONSUMERIR_Handler                    0x000003d1   Thumb Code     2  startup_tm4c129.o(.text)
    I2C8_Handler                             0x000003d3   Thumb Code     2  startup_tm4c129.o(.text)
    I2C9_Handler                             0x000003d5   Thumb Code     2  startup_tm4c129.o(.text)
    GPIOT_Handler                            0x000003d7   Thumb Code     2  startup_tm4c129.o(.text)
    __user_initial_stackheap                 0x000003d9   Thumb Code     0  startup_tm4c129.o(.text)
    __use_two_region_memory                  0x000003f9   Thumb Code     2  heapauxi.o(.text)
    __rt_heap_escrow$2region                 0x000003fb   Thumb Code     2  heapauxi.o(.text)
    __rt_heap_expand$2region                 0x000003fd   Thumb Code     2  heapauxi.o(.text)
    __user_setup_stackheap                   0x000003ff   Thumb Code    74  sys_stackheap_outer.o(.text)
    exit                                     0x00000449   Thumb Code    18  exit.o(.text)
    __user_libspace                          0x0000045d   Thumb Code     8  libspace.o(.text)
    __user_perproc_libspace                  0x0000045d   Thumb Code     0  libspace.o(.text)
    __user_perthread_libspace                0x0000045d   Thumb Code     0  libspace.o(.text)
    _sys_exit                                0x00000465   Thumb Code     8  sys_exit.o(.text)
    __I$use$semihosting                      0x00000471   Thumb Code     0  use_no_semi.o(.text)
    __use_no_semihosting_swi                 0x00000471   Thumb Code     2  use_no_semi.o(.text)
    __semihosting_library_function           0x00000473   Thumb Code     0  indicate_semi.o(.text)
    Config_FPU                               0x00000475   Thumb Code    24  config.o(.text.Config_FPU)
    Config_PWM                               0x0000048d   Thumb Code   204  config.o(.text.Config_PWM)
    Config_QEI                               0x00000559   Thumb Code   210  config.o(.text.Config_QEI)
    Config_SSI2_Display                      0x0000062d   Thumb Code   200  config.o(.text.Config_SSI2_Display)
    Config_UART0_115200                      0x000006f5   Thumb Code   166  uart.o(.text.Config_UART0_115200)
    Delay_ms                                 0x0000079d   Thumb Code    64  config.o(.text.Delay_ms)
    MAX7219_Clear                            0x000007dd   Thumb Code    42  max7219.o(.text.MAX7219_Clear)
    MAX7219_Init                             0x00000809   Thumb Code    52  max7219.o(.text.MAX7219_Init)
    MAX7219_Send                             0x0000083d   Thumb Code   140  max7219.o(.text.MAX7219_Send)
    MAX7219_ShowStatus                       0x000008c9   Thumb Code   316  max7219.o(.text.MAX7219_ShowStatus)
    PID_Compute                              0x00000a05   Thumb Code   296  pid.o(.text.PID_Compute)
    PID_Init                                 0x00000b2d   Thumb Code    94  pid.o(.text.PID_Init)
    PLL_Init                                 0x00000b8d   Thumb Code   316  pll.o(.text.PLL_Init)
    PWM_SetDuty                              0x00000cc9   Thumb Code    94  config.o(.text.PWM_SetDuty)
    QEI_GetPosition                          0x00000d29   Thumb Code    12  config.o(.text.QEI_GetPosition)
    SSI2_Init_LowLevel                       0x00000d35   Thumb Code   204  max7219.o(.text.SSI2_Init_LowLevel)
    SystemInit                               0x00000e01   Thumb Code    36  system_tm4c129.o(.text.SystemInit)
    UART0_PrintInt                           0x00000e25   Thumb Code   112  uart.o(.text.UART0_PrintInt)
    UART0_PrintString                        0x00000e95   Thumb Code    34  uart.o(.text.UART0_PrintString)
    UART0_SendChar                           0x00000eb9   Thumb Code    46  uart.o(.text.UART0_SendChar)
    main                                     0x00000ee9   Thumb Code   320  main.o(.text.main)
    _fp_init                                 0x00001041   Thumb Code    26  fpinit.o(x$fpl$fpinit)
    __fplib_config_fpu_vfp                   0x00001059   Thumb Code     0  fpinit.o(x$fpl$fpinit)
    __fplib_config_pureend_doubles           0x00001059   Thumb Code     0  fpinit.o(x$fpl$fpinit)
    Region$$Table$$Base                      0x00001060   Number         0  anon$$obj.o(Region$$Table)
    Region$$Table$$Limit                     0x00001080   Number         0  anon$$obj.o(Region$$Table)
    SystemCoreClock                          0x20000000   Data           4  system_tm4c129.o(.data.SystemCoreClock)
    __libspace_start                         0x20000008   Data          96  libspace.o(.bss)
    __temporary_stack_top$libspace           0x20000068   Data           0  libspace.o(.bss)
    systemPID                                0x20000068   Data          44  main.o(.bss.systemPID)



==============================================================================

Memory Map of the image

  Image Entry point : 0x00000201

  Load Region LR_IROM1 (Base: 0x00000000, Size: 0x00001088, Max: 0x00100000, ABSOLUTE)

    Execution Region ER_IROM1 (Exec base: 0x00000000, Load base: 0x00000000, Size: 0x00001080, Max: 0x00100000, ABSOLUTE)

    Exec Addr    Load Addr    Size         Type   Attr      Idx    E Section Name        Object

    0x00000000   0x00000000   0x00000200   Data   RO           92    RESET               startup_tm4c129.o
    0x00000200   0x00000200   0x00000008   Code   RO          115  * !!!main             c_w.l(__main.o)
    0x00000208   0x00000208   0x0000005c   Code   RO          280    !!!scatter          c_w.l(__scatter.o)
    0x00000264   0x00000264   0x0000001a   Code   RO          284    !!handler_copy      c_w.l(__scatter_copy.o)
    0x0000027e   0x0000027e   0x00000002   PAD
    0x00000280   0x00000280   0x00000002   Code   RO          281    !!handler_null      c_w.l(__scatter.o)
    0x00000282   0x00000282   0x00000002   PAD
    0x00000284   0x00000284   0x0000001c   Code   RO          286    !!handler_zi        c_w.l(__scatter_zi.o)
    0x000002a0   0x000002a0   0x00000002   Code   RO          142    .ARM.Collect$$libinit$$00000000  c_w.l(libinit.o)
    0x000002a2   0x000002a2   0x00000004   Code   RO          148    .ARM.Collect$$libinit$$00000001  c_w.l(libinit2.o)
    0x000002a6   0x000002a6   0x00000000   Code   RO          151    .ARM.Collect$$libinit$$00000004  c_w.l(libinit2.o)
    0x000002a6   0x000002a6   0x00000000   Code   RO          153    .ARM.Collect$$libinit$$00000006  c_w.l(libinit2.o)
    0x000002a6   0x000002a6   0x00000000   Code   RO          156    .ARM.Collect$$libinit$$0000000C  c_w.l(libinit2.o)
    0x000002a6   0x000002a6   0x00000000   Code   RO          158    .ARM.Collect$$libinit$$0000000E  c_w.l(libinit2.o)
    0x000002a6   0x000002a6   0x00000000   Code   RO          160    .ARM.Collect$$libinit$$00000010  c_w.l(libinit2.o)
    0x000002a6   0x000002a6   0x00000000   Code   RO          163    .ARM.Collect$$libinit$$00000013  c_w.l(libinit2.o)
    0x000002a6   0x000002a6   0x00000000   Code   RO          165    .ARM.Collect$$libinit$$00000015  c_w.l(libinit2.o)
    0x000002a6   0x000002a6   0x00000000   Code   RO          167    .ARM.Collect$$libinit$$00000017  c_w.l(libinit2.o)
    0x000002a6   0x000002a6   0x00000000   Code   RO          169    .ARM.Collect$$libinit$$00000019  c_w.l(libinit2.o)
    0x000002a6   0x000002a6   0x00000000   Code   RO          171    .ARM.Collect$$libinit$$0000001B  c_w.l(libinit2.o)
    0x000002a6   0x000002a6   0x00000000   Code   RO          173    .ARM.Collect$$libinit$$0000001D  c_w.l(libinit2.o)
    0x000002a6   0x000002a6   0x00000000   Code   RO          175    .ARM.Collect$$libinit$$0000001F  c_w.l(libinit2.o)
    0x000002a6   0x000002a6   0x00000000   Code   RO          177    .ARM.Collect$$libinit$$00000021  c_w.l(libinit2.o)
    0x000002a6   0x000002a6   0x00000000   Code   RO          179    .ARM.Collect$$libinit$$00000023  c_w.l(libinit2.o)
    0x000002a6   0x000002a6   0x00000000   Code   RO          181    .ARM.Collect$$libinit$$00000025  c_w.l(libinit2.o)
    0x000002a6   0x000002a6   0x00000000   Code   RO          183    .ARM.Collect$$libinit$$00000027  c_w.l(libinit2.o)
    0x000002a6   0x000002a6   0x00000000   Code   RO          187    .ARM.Collect$$libinit$$0000002E  c_w.l(libinit2.o)
    0x000002a6   0x000002a6   0x00000000   Code   RO          189    .ARM.Collect$$libinit$$00000030  c_w.l(libinit2.o)
    0x000002a6   0x000002a6   0x00000000   Code   RO          191    .ARM.Collect$$libinit$$00000032  c_w.l(libinit2.o)
    0x000002a6   0x000002a6   0x00000000   Code   RO          193    .ARM.Collect$$libinit$$00000034  c_w.l(libinit2.o)
    0x000002a6   0x000002a6   0x00000002   Code   RO          194    .ARM.Collect$$libinit$$00000035  c_w.l(libinit2.o)
    0x000002a8   0x000002a8   0x00000002   Code   RO          216    .ARM.Collect$$libshutdown$$00000000  c_w.l(libshutdown.o)
    0x000002aa   0x000002aa   0x00000000   Code   RO          231    .ARM.Collect$$libshutdown$$00000002  c_w.l(libshutdown2.o)
    0x000002aa   0x000002aa   0x00000000   Code   RO          233    .ARM.Collect$$libshutdown$$00000004  c_w.l(libshutdown2.o)
    0x000002aa   0x000002aa   0x00000000   Code   RO          236    .ARM.Collect$$libshutdown$$00000007  c_w.l(libshutdown2.o)
    0x000002aa   0x000002aa   0x00000000   Code   RO          239    .ARM.Collect$$libshutdown$$0000000A  c_w.l(libshutdown2.o)
    0x000002aa   0x000002aa   0x00000000   Code   RO          241    .ARM.Collect$$libshutdown$$0000000C  c_w.l(libshutdown2.o)
    0x000002aa   0x000002aa   0x00000000   Code   RO          244    .ARM.Collect$$libshutdown$$0000000F  c_w.l(libshutdown2.o)
    0x000002aa   0x000002aa   0x00000002   Code   RO          245    .ARM.Collect$$libshutdown$$00000010  c_w.l(libshutdown2.o)
    0x000002ac   0x000002ac   0x00000000   Code   RO          117    .ARM.Collect$$rtentry$$00000000  c_w.l(__rtentry.o)
    0x000002ac   0x000002ac   0x00000000   Code   RO          119    .ARM.Collect$$rtentry$$00000002  c_w.l(__rtentry2.o)
    0x000002ac   0x000002ac   0x00000006   Code   RO          131    .ARM.Collect$$rtentry$$00000004  c_w.l(__rtentry4.o)
    0x000002b2   0x000002b2   0x00000000   Code   RO          121    .ARM.Collect$$rtentry$$00000009  c_w.l(__rtentry2.o)
    0x000002b2   0x000002b2   0x00000004   Code   RO          122    .ARM.Collect$$rtentry$$0000000A  c_w.l(__rtentry2.o)
    0x000002b6   0x000002b6   0x00000000   Code   RO          124    .ARM.Collect$$rtentry$$0000000C  c_w.l(__rtentry2.o)
    0x000002b6   0x000002b6   0x00000008   Code   RO          125    .ARM.Collect$$rtentry$$0000000D  c_w.l(__rtentry2.o)
    0x000002be   0x000002be   0x00000002   Code   RO          146    .ARM.Collect$$rtexit$$00000000  c_w.l(rtexit.o)
    0x000002c0   0x000002c0   0x00000000   Code   RO          196    .ARM.Collect$$rtexit$$00000002  c_w.l(rtexit2.o)
    0x000002c0   0x000002c0   0x00000004   Code   RO          197    .ARM.Collect$$rtexit$$00000003  c_w.l(rtexit2.o)
    0x000002c4   0x000002c4   0x00000006   Code   RO          198    .ARM.Collect$$rtexit$$00000004  c_w.l(rtexit2.o)
    0x000002ca   0x000002ca   0x00000002   PAD
    0x000002cc   0x000002cc   0x0000012c   Code   RO           93    .text               startup_tm4c129.o
    0x000003f8   0x000003f8   0x00000006   Code   RO          113    .text               c_w.l(heapauxi.o)
    0x000003fe   0x000003fe   0x0000004a   Code   RO          133    .text               c_w.l(sys_stackheap_outer.o)
    0x00000448   0x00000448   0x00000012   Code   RO          135    .text               c_w.l(exit.o)
    0x0000045a   0x0000045a   0x00000002   PAD
    0x0000045c   0x0000045c   0x00000008   Code   RO          143    .text               c_w.l(libspace.o)
    0x00000464   0x00000464   0x0000000c   Code   RO          206    .text               c_w.l(sys_exit.o)
    0x00000470   0x00000470   0x00000002   Code   RO          221    .text               c_w.l(use_no_semi.o)
    0x00000472   0x00000472   0x00000000   Code   RO          223    .text               c_w.l(indicate_semi.o)
    0x00000472   0x00000472   0x00000002   PAD
    0x00000474   0x00000474   0x00000018   Code   RO            2    .text.Config_FPU    config.o
    0x0000048c   0x0000048c   0x000000cc   Code   RO            6    .text.Config_PWM    config.o
    0x00000558   0x00000558   0x000000d2   Code   RO           10    .text.Config_QEI    config.o
    0x0000062a   0x0000062a   0x00000002   PAD
    0x0000062c   0x0000062c   0x000000c8   Code   RO           14    .text.Config_SSI2_Display  config.o
    0x000006f4   0x000006f4   0x000000a6   Code   RO           76    .text.Config_UART0_115200  uart.o
    0x0000079a   0x0000079a   0x00000002   PAD
    0x0000079c   0x0000079c   0x00000040   Code   RO            4    .text.Delay_ms      config.o
    0x000007dc   0x000007dc   0x0000002a   Code   RO           46    .text.MAX7219_Clear  max7219.o
    0x00000806   0x00000806   0x00000002   PAD
    0x00000808   0x00000808   0x00000034   Code   RO           44    .text.MAX7219_Init  max7219.o
    0x0000083c   0x0000083c   0x0000008c   Code   RO           42    .text.MAX7219_Send  max7219.o
    0x000008c8   0x000008c8   0x0000013c   Code   RO           48    .text.MAX7219_ShowStatus  max7219.o
    0x00000a04   0x00000a04   0x00000128   Code   RO           59    .text.PID_Compute   pid.o
    0x00000b2c   0x00000b2c   0x0000005e   Code   RO           57    .text.PID_Init      pid.o
    0x00000b8a   0x00000b8a   0x00000002   PAD
    0x00000b8c   0x00000b8c   0x0000013c   Code   RO           68    .text.PLL_Init      pll.o
    0x00000cc8   0x00000cc8   0x0000005e   Code   RO            8    .text.PWM_SetDuty   config.o
    0x00000d26   0x00000d26   0x00000002   PAD
    0x00000d28   0x00000d28   0x0000000c   Code   RO           12    .text.QEI_GetPosition  config.o
    0x00000d34   0x00000d34   0x000000cc   Code   RO           40    .text.SSI2_Init_LowLevel  max7219.o
    0x00000e00   0x00000e00   0x00000024   Code   RO          102    .text.SystemInit    system_tm4c129.o
    0x00000e24   0x00000e24   0x00000070   Code   RO           82    .text.UART0_PrintInt  uart.o
    0x00000e94   0x00000e94   0x00000022   Code   RO           80    .text.UART0_PrintString  uart.o
    0x00000eb6   0x00000eb6   0x00000002   PAD
    0x00000eb8   0x00000eb8   0x0000002e   Code   RO           78    .text.UART0_SendChar  uart.o
    0x00000ee6   0x00000ee6   0x00000002   PAD
    0x00000ee8   0x00000ee8   0x00000158   Code   RO           29    .text.main          main.o
    0x00001040   0x00001040   0x0000001a   Code   RO          204    x$fpl$fpinit        fz_wm.l(fpinit.o)
    0x0000105a   0x0000105a   0x00000003   Data   RO           32    .rodata.str1.1      main.o
    0x0000105d   0x0000105d   0x00000003   PAD
    0x00001060   0x00001060   0x00000020   Data   RO          279    Region$$Table       anon$$obj.o


    Execution Region RW_IRAM1 (Exec base: 0x20000000, Load base: 0x00001080, Size: 0x00000298, Max: 0x00040000, ABSOLUTE)

    Exec Addr    Load Addr    Size         Type   Attr      Idx    E Section Name        Object

    0x20000000   0x00001080   0x00000004   Data   RW          104    .data.SystemCoreClock  system_tm4c129.o
    0x20000004   0x00001084   0x00000004   PAD
    0x20000008        -       0x00000060   Zero   RW          144    .bss                c_w.l(libspace.o)
    0x20000068        -       0x0000002c   Zero   RW           31    .bss.systemPID      main.o
    0x20000094   0x00001084   0x00000004   PAD
    0x20000098        -       0x00000000   Zero   RW           91    HEAP                startup_tm4c129.o
    0x20000098        -       0x00000200   Zero   RW           90    STACK               startup_tm4c129.o


==============================================================================

Image component sizes


      Code (inc. data)   RO Data    RW Data    ZI Data      Debug   Object Name

       808          0          0          0          0       1851   config.o
       344         24          3          0         44       1367   main.o
       754          0          0          0          0       1449   max7219.o
       390          0          0          0          0       1449   pid.o
       316          0          0          0          0        722   pll.o
       300         22        512          0        512       6064   startup_tm4c129.o
        36          0          0          4          0       1507   system_tm4c129.o
       358          0          0          0          0       1191   uart.o

    ----------------------------------------------------------------------
      3320         46        550          4        564      15600   Object Totals
         0          0         32          0          0          0   (incl. Generated)
        14          0          3          0          8          0   (incl. Padding)

    ----------------------------------------------------------------------

      Code (inc. data)   RO Data    RW Data    ZI Data      Debug   Library Member Name

         8          0          0          0          0         68   __main.o
         0          0          0          0          0          0   __rtentry.o
        12          0          0          0          0          0   __rtentry2.o
         6          0          0          0          0          0   __rtentry4.o
        94          8          0          0          0          0   __scatter.o
        26          0          0          0          0          0   __scatter_copy.o
        28          0          0          0          0          0   __scatter_zi.o
        18          0          0          0          0         80   exit.o
         6          0          0          0          0        152   heapauxi.o
         0          0          0          0          0          0   indicate_semi.o
         2          0          0          0          0          0   libinit.o
         6          0          0          0          0          0   libinit2.o
         2          0          0          0          0          0   libshutdown.o
         2          0          0          0          0          0   libshutdown2.o
         8          4          0          0         96         68   libspace.o
         2          0          0          0          0          0   rtexit.o
        10          0          0          0          0          0   rtexit2.o
        12          4          0          0          0         68   sys_exit.o
        74          0          0          0          0         80   sys_stackheap_outer.o
         2          0          0          0          0         68   use_no_semi.o
        26          0          0          0          0        116   fpinit.o

    ----------------------------------------------------------------------
       354         16          0          0         96        700   Library Totals
        10          0          0          0          0          0   (incl. Padding)

    ----------------------------------------------------------------------

      Code (inc. data)   RO Data    RW Data    ZI Data      Debug   Library Name

       318         16          0          0         96        584   c_w.l
        26          0          0          0          0        116   fz_wm.l

    ----------------------------------------------------------------------
       354         16          0          0         96        700   Library Totals

    ----------------------------------------------------------------------

==============================================================================


      Code (inc. data)   RO Data    RW Data    ZI Data      Debug   

      3674         62        550          4        660      16092   Grand Totals
      3674         62        550          4        660      16092   ELF Image Totals
      3674         62        550          4          0          0   ROM Totals

==============================================================================

    Total RO  Size (Code + RO Data)                 4224 (   4.12kB)
    Total RW  Size (RW Data + ZI Data)               664 (   0.65kB)
    Total ROM Size (Code + RO Data + RW Data)       4228 (   4.13kB)

==============================================================================

